// Jest Snapshot v1, https://goo.gl/fbAQLP

exports[`Dummy Test matches snapshot 1`] = `
<DocumentFragment>
  <div>
    <h1>
      Testing Next.js With Jest and React Testing Library
    </h1>
    <div>
      hello worsdfdsld
    </div>
    <button
      class="MuiButtonBase-root MuiButton-root MuiButton-text MuiButton-textPrimary"
      tabindex="0"
      type="button"
    >
      <span
        class="MuiButton-label"
      >
        hwohoh
      </span>
      <span
        class="MuiTouchRipple-root"
      />
    </button>
    <p>
      one
    </p>
  </div>
</DocumentFragment>
`;
